// Jest Snapshot v1, https://goo.gl/fbAQLP

exports[`should render the MessageBoard component 1`] = `
ShallowWrapper {
  Symbol(enzyme.__root__): [Circular],
  Symbol(enzyme.__unrendered__): <MessageBoard
    getMessages={
      [MockFunction] {
        "calls": Array [
          Array [],
        ],
        "results": Array [
          Object {
            "isThrow": false,
            "value": undefined,
          },
        ],
      }
    }
    messages={
      Array [
        Object {
          "_id": 1,
          "createdAt": 123,
          "message": "message 1",
          "title": "mess 1",
        },
        Object {
          "_id": 2,
          "createdAt": 123,
          "message": "message 2",
          "title": "mess 2",
        },
        Object {
          "_id": 3,
          "createdAt": 123,
          "message": "message 3",
          "title": "mess 3",
        },
      ]
    }
  />,
  Symbol(enzyme.__renderer__): Object {
    "batchedUpdates": [Function],
    "getNode": [Function],
    "render": [Function],
    "simulateError": [Function],
    "simulateEvent": [Function],
    "unmount": [Function],
  },
  Symbol(enzyme.__node__): Object {
    "instance": null,
    "key": undefined,
    "nodeType": "host",
    "props": Object {
      "children": Array [
        "MessageBoard",
        Array [
          <div
            className="ste"
          >
            <h3>
               
              mess 1
               
            </h3>
            <h5>
               
              message 1
               
            </h5>
            <h3>
               
               
            </h3>
            <h4>
                
              123
               
            </h4>
          </div>,
          <div
            className="ste"
          >
            <h3>
               
              mess 2
               
            </h3>
            <h5>
               
              message 2
               
            </h5>
            <h3>
               
               
            </h3>
            <h4>
                
              123
               
            </h4>
          </div>,
          <div
            className="ste"
          >
            <h3>
               
              mess 3
               
            </h3>
            <h5>
               
              message 3
               
            </h5>
            <h3>
               
               
            </h3>
            <h4>
                
              123
               
            </h4>
          </div>,
        ],
        <MyComponent />,
      ],
      "className": "",
    },
    "ref": null,
    "rendered": Array [
      "MessageBoard",
      Object {
        "instance": null,
        "key": "1",
        "nodeType": "host",
        "props": Object {
          "children": Array [
            <h3>
               
              mess 1
               
            </h3>,
            <h5>
               
              message 1
               
            </h5>,
            <h3>
               
               
            </h3>,
            <h4>
                
              123
               
            </h4>,
          ],
          "className": "ste",
        },
        "ref": null,
        "rendered": Array [
          Object {
            "instance": null,
            "key": undefined,
            "nodeType": "host",
            "props": Object {
              "children": Array [
                " ",
                "mess 1",
                " ",
              ],
            },
            "ref": null,
            "rendered": Array [
              " ",
              "mess 1",
              " ",
            ],
            "type": "h3",
          },
          Object {
            "instance": null,
            "key": undefined,
            "nodeType": "host",
            "props": Object {
              "children": Array [
                " ",
                "message 1",
                " ",
              ],
            },
            "ref": null,
            "rendered": Array [
              " ",
              "message 1",
              " ",
            ],
            "type": "h5",
          },
          Object {
            "instance": null,
            "key": undefined,
            "nodeType": "host",
            "props": Object {
              "children": Array [
                " ",
                undefined,
                " ",
              ],
            },
            "ref": null,
            "rendered": Array [
              " ",
              undefined,
              " ",
            ],
            "type": "h3",
          },
          Object {
            "instance": null,
            "key": undefined,
            "nodeType": "host",
            "props": Object {
              "children": Array [
                "  ",
                123,
                " ",
              ],
            },
            "ref": null,
            "rendered": Array [
              "  ",
              123,
              " ",
            ],
            "type": "h4",
          },
        ],
        "type": "div",
      },
      Object {
        "instance": null,
        "key": "2",
        "nodeType": "host",
        "props": Object {
          "children": Array [
            <h3>
               
              mess 2
               
            </h3>,
            <h5>
               
              message 2
               
            </h5>,
            <h3>
               
               
            </h3>,
            <h4>
                
              123
               
            </h4>,
          ],
          "className": "ste",
        },
        "ref": null,
        "rendered": Array [
          Object {
            "instance": null,
            "key": undefined,
            "nodeType": "host",
            "props": Object {
              "children": Array [
                " ",
                "mess 2",
                " ",
              ],
            },
            "ref": null,
            "rendered": Array [
              " ",
              "mess 2",
              " ",
            ],
            "type": "h3",
          },
          Object {
            "instance": null,
            "key": undefined,
            "nodeType": "host",
            "props": Object {
              "children": Array [
                " ",
                "message 2",
                " ",
              ],
            },
            "ref": null,
            "rendered": Array [
              " ",
              "message 2",
              " ",
            ],
            "type": "h5",
          },
          Object {
            "instance": null,
            "key": undefined,
            "nodeType": "host",
            "props": Object {
              "children": Array [
                " ",
                undefined,
                " ",
              ],
            },
            "ref": null,
            "rendered": Array [
              " ",
              undefined,
              " ",
            ],
            "type": "h3",
          },
          Object {
            "instance": null,
            "key": undefined,
            "nodeType": "host",
            "props": Object {
              "children": Array [
                "  ",
                123,
                " ",
              ],
            },
            "ref": null,
            "rendered": Array [
              "  ",
              123,
              " ",
            ],
            "type": "h4",
          },
        ],
        "type": "div",
      },
      Object {
        "instance": null,
        "key": "3",
        "nodeType": "host",
        "props": Object {
          "children": Array [
            <h3>
               
              mess 3
               
            </h3>,
            <h5>
               
              message 3
               
            </h5>,
            <h3>
               
               
            </h3>,
            <h4>
                
              123
               
            </h4>,
          ],
          "className": "ste",
        },
        "ref": null,
        "rendered": Array [
          Object {
            "instance": null,
            "key": undefined,
            "nodeType": "host",
            "props": Object {
              "children": Array [
                " ",
                "mess 3",
                " ",
              ],
            },
            "ref": null,
            "rendered": Array [
              " ",
              "mess 3",
              " ",
            ],
            "type": "h3",
          },
          Object {
            "instance": null,
            "key": undefined,
            "nodeType": "host",
            "props": Object {
              "children": Array [
                " ",
                "message 3",
                " ",
              ],
            },
            "ref": null,
            "rendered": Array [
              " ",
              "message 3",
              " ",
            ],
            "type": "h5",
          },
          Object {
            "instance": null,
            "key": undefined,
            "nodeType": "host",
            "props": Object {
              "children": Array [
                " ",
                undefined,
                " ",
              ],
            },
            "ref": null,
            "rendered": Array [
              " ",
              undefined,
              " ",
            ],
            "type": "h3",
          },
          Object {
            "instance": null,
            "key": undefined,
            "nodeType": "host",
            "props": Object {
              "children": Array [
                "  ",
                123,
                " ",
              ],
            },
            "ref": null,
            "rendered": Array [
              "  ",
              123,
              " ",
            ],
            "type": "h4",
          },
        ],
        "type": "div",
      },
      Object {
        "instance": null,
        "key": undefined,
        "nodeType": "class",
        "props": Object {},
        "ref": null,
        "rendered": null,
        "type": [Function],
      },
    ],
    "type": "div",
  },
  Symbol(enzyme.__nodes__): Array [
    Object {
      "instance": null,
      "key": undefined,
      "nodeType": "host",
      "props": Object {
        "children": Array [
          "MessageBoard",
          Array [
            <div
              className="ste"
            >
              <h3>
                 
                mess 1
                 
              </h3>
              <h5>
                 
                message 1
                 
              </h5>
              <h3>
                 
                 
              </h3>
              <h4>
                  
                123
                 
              </h4>
            </div>,
            <div
              className="ste"
            >
              <h3>
                 
                mess 2
                 
              </h3>
              <h5>
                 
                message 2
                 
              </h5>
              <h3>
                 
                 
              </h3>
              <h4>
                  
                123
                 
              </h4>
            </div>,
            <div
              className="ste"
            >
              <h3>
                 
                mess 3
                 
              </h3>
              <h5>
                 
                message 3
                 
              </h5>
              <h3>
                 
                 
              </h3>
              <h4>
                  
                123
                 
              </h4>
            </div>,
          ],
          <MyComponent />,
        ],
        "className": "",
      },
      "ref": null,
      "rendered": Array [
        "MessageBoard",
        Object {
          "instance": null,
          "key": "1",
          "nodeType": "host",
          "props": Object {
            "children": Array [
              <h3>
                 
                mess 1
                 
              </h3>,
              <h5>
                 
                message 1
                 
              </h5>,
              <h3>
                 
                 
              </h3>,
              <h4>
                  
                123
                 
              </h4>,
            ],
            "className": "ste",
          },
          "ref": null,
          "rendered": Array [
            Object {
              "instance": null,
              "key": undefined,
              "nodeType": "host",
              "props": Object {
                "children": Array [
                  " ",
                  "mess 1",
                  " ",
                ],
              },
              "ref": null,
              "rendered": Array [
                " ",
                "mess 1",
                " ",
              ],
              "type": "h3",
            },
            Object {
              "instance": null,
              "key": undefined,
              "nodeType": "host",
              "props": Object {
                "children": Array [
                  " ",
                  "message 1",
                  " ",
                ],
              },
              "ref": null,
              "rendered": Array [
                " ",
                "message 1",
                " ",
              ],
              "type": "h5",
            },
            Object {
              "instance": null,
              "key": undefined,
              "nodeType": "host",
              "props": Object {
                "children": Array [
                  " ",
                  undefined,
                  " ",
                ],
              },
              "ref": null,
              "rendered": Array [
                " ",
                undefined,
                " ",
              ],
              "type": "h3",
            },
            Object {
              "instance": null,
              "key": undefined,
              "nodeType": "host",
              "props": Object {
                "children": Array [
                  "  ",
                  123,
                  " ",
                ],
              },
              "ref": null,
              "rendered": Array [
                "  ",
                123,
                " ",
              ],
              "type": "h4",
            },
          ],
          "type": "div",
        },
        Object {
          "instance": null,
          "key": "2",
          "nodeType": "host",
          "props": Object {
            "children": Array [
              <h3>
                 
                mess 2
                 
              </h3>,
              <h5>
                 
                message 2
                 
              </h5>,
              <h3>
                 
                 
              </h3>,
              <h4>
                  
                123
                 
              </h4>,
            ],
            "className": "ste",
          },
          "ref": null,
          "rendered": Array [
            Object {
              "instance": null,
              "key": undefined,
              "nodeType": "host",
              "props": Object {
                "children": Array [
                  " ",
                  "mess 2",
                  " ",
                ],
              },
              "ref": null,
              "rendered": Array [
                " ",
                "mess 2",
                " ",
              ],
              "type": "h3",
            },
            Object {
              "instance": null,
              "key": undefined,
              "nodeType": "host",
              "props": Object {
                "children": Array [
                  " ",
                  "message 2",
                  " ",
                ],
              },
              "ref": null,
              "rendered": Array [
                " ",
                "message 2",
                " ",
              ],
              "type": "h5",
            },
            Object {
              "instance": null,
              "key": undefined,
              "nodeType": "host",
              "props": Object {
                "children": Array [
                  " ",
                  undefined,
                  " ",
                ],
              },
              "ref": null,
              "rendered": Array [
                " ",
                undefined,
                " ",
              ],
              "type": "h3",
            },
            Object {
              "instance": null,
              "key": undefined,
              "nodeType": "host",
              "props": Object {
                "children": Array [
                  "  ",
                  123,
                  " ",
                ],
              },
              "ref": null,
              "rendered": Array [
                "  ",
                123,
                " ",
              ],
              "type": "h4",
            },
          ],
          "type": "div",
        },
        Object {
          "instance": null,
          "key": "3",
          "nodeType": "host",
          "props": Object {
            "children": Array [
              <h3>
                 
                mess 3
                 
              </h3>,
              <h5>
                 
                message 3
                 
              </h5>,
              <h3>
                 
                 
              </h3>,
              <h4>
                  
                123
                 
              </h4>,
            ],
            "className": "ste",
          },
          "ref": null,
          "rendered": Array [
            Object {
              "instance": null,
              "key": undefined,
              "nodeType": "host",
              "props": Object {
                "children": Array [
                  " ",
                  "mess 3",
                  " ",
                ],
              },
              "ref": null,
              "rendered": Array [
                " ",
                "mess 3",
                " ",
              ],
              "type": "h3",
            },
            Object {
              "instance": null,
              "key": undefined,
              "nodeType": "host",
              "props": Object {
                "children": Array [
                  " ",
                  "message 3",
                  " ",
                ],
              },
              "ref": null,
              "rendered": Array [
                " ",
                "message 3",
                " ",
              ],
              "type": "h5",
            },
            Object {
              "instance": null,
              "key": undefined,
              "nodeType": "host",
              "props": Object {
                "children": Array [
                  " ",
                  undefined,
                  " ",
                ],
              },
              "ref": null,
              "rendered": Array [
                " ",
                undefined,
                " ",
              ],
              "type": "h3",
            },
            Object {
              "instance": null,
              "key": undefined,
              "nodeType": "host",
              "props": Object {
                "children": Array [
                  "  ",
                  123,
                  " ",
                ],
              },
              "ref": null,
              "rendered": Array [
                "  ",
                123,
                " ",
              ],
              "type": "h4",
            },
          ],
          "type": "div",
        },
        Object {
          "instance": null,
          "key": undefined,
          "nodeType": "class",
          "props": Object {},
          "ref": null,
          "rendered": null,
          "type": [Function],
        },
      ],
      "type": "div",
    },
  ],
  Symbol(enzyme.__options__): Object {
    "adapter": ReactSixteenAdapter {
      "options": Object {
        "enableComponentDidUpdateOnSetState": true,
        "lifecycles": Object {
          "componentDidUpdate": Object {
            "onSetState": true,
          },
          "getDerivedStateFromProps": true,
          "getSnapshotBeforeUpdate": true,
          "setState": Object {
            "skipsComponentDidUpdateOnNullish": true,
          },
        },
      },
    },
  },
}
`;
